Microchip MPLAB XC8 Compiler V2.36

Linker command line:

-W-3 --edf=C:\Program Files\Microchip\xc8\v2.36\pic\dat\en_msgs.txt -cn \
  -h+dist/default/production\DelayTime.X.production.sym \
  --cmf=dist/default/production\DelayTime.X.production.cmf -z -Q18F24K22 \
  -oC:\Users\Ahmed\AppData\Local\Temp\xcAsj20.4 --defsym=__MPLAB_BUILD=1 \
  -Mdist/default/production/DelayTime.X.production.map \
  --md=C:\Users\Ahmed\AppData\Local\Temp\xcAsj20.dat -E1 -ver=XC8 Compiler \
  --acfsm=1493 -ACODE=00h-03FFFh -ACONST=00h-03FFFh \
  -ASMALLCONST=0300h-03FFhx61 -AMEDIUMCONST=0300h-03FFFh -ACOMRAM=01h-05Fh \
  -AABS1=00h-02FFh -ABIGRAM=01h-02FFh -ARAM=060h-0FFh,0100h-01FFhx2 \
  -ABANK0=060h-0FFh -ABANK1=0100h-01FFh -ABANK2=0200h-02FFh \
  -ASFR=0F38h-0F5Fh,0F60h-0FFFh -ABIGSFR=0F38h-0FFFh \
  -ACONFIG=0300000h-030000Dh -AIDLOC=0200000h-0200007h \
  -AEEDATA=0F00000h-0F000FFh -peeprom_data=EEDATA \
  -preset_vec=00h,intcode=08h,intcodelo,powerup,init -pramtop=0300h \
  -psmallconst=SMALLCONST -pmediumconst=MEDIUMCONST -pconst=CONST \
  -AFARRAM=00h-00h \
  -prdata=COMRAM,nvrram=COMRAM,nvbit=COMRAM,rbss=COMRAM,rbit=COMRAM \
  -pfarbss=FARRAM,fardata=FARRAM,nvFARRAM=FARRAM \
  -pintsave_regs=BIGRAM,bigbss=BIGRAM,bigdata=BIGRAM -pbss=RAM \
  -pidata=CODE,irdata=CODE,ibigdata=CODE,ifardata=CODE -prparam=COMRAM \
  C:\Users\Ahmed\AppData\Local\Temp\xcAsj20.o \
  dist/default/production\DelayTime.X.production.o 

Object code version is 3.11

Machine type is 18F24K22



                Name                               Link     Load   Length Selector   Space Scale
C:\Users\Ahmed\AppData\Local\Temp\xcAsj20.o
                idloc                            200000   200000        8        0       5
                config                           300000   300000        E        0       4
                init                                 EE       EE        4        4       0
                reset_vec                             0        0        4        0       0
dist/default/production\DelayTime.X.production.o
                intcode                               8        8       E6        4       0
                idloc                            200000   200000        8        0       5
                config                           300000   300000        E        0       4
                temp                                 49       49        1        1       1
                text31                              B58      B58       C4        4       0
                text30                              C1C      C1C       B0        4       0
                text29                              976      976       F4        4       0
                text28                             10C6     10C6       3C        4       0
                text27                             11FE     11FE       14        4       0
                text26                              DF0      DF0       72        4       0
                text25                             1212     1212       12        4       0
                text24                             11BC     11BC       1A        4       0
                text23                              3FA      3FA      1D6        4       0
                text22                              A6A      A6A       EE        4       0
                text21                               F2       F2      308        4       0
                text20                              F2C      F2C       5E        4       0
                text19                              FE4      FE4       56        4       0
                text18                              ECA      ECA       62        4       0
                text16                              874      874      102        4       0
                text15                             119C     119C       20        4       0
                text14                              772      772      102        4       0
                text13                             1086     1086       40        4       0
                text12                             103A     103A       4C        4       0
                text11                              5D0      5D0      1A2        4       0
                text10                             113C     113C       32        4       0
                text9                               E62      E62       68        4       0
                text8                               F8A      F8A       5A        4       0
                text7                              11EA     11EA       14        4       0
                text6                               D6A      D6A       86        4       0
                text5                              1224     1224        E        4       0
                text4                              116E     116E       2E        4       0
                text3                              124C     124C        A      920       0
                text2                              1240     1240        C      920       0
                text1                              11D6     11D6       14        4       0
                text0                               CCC      CCC       9E        4       0
                cstackCOMRAM                         22       22       1A        1       1
                cstackBANK0                          60       60        F       60       1
                dataCOMRAM                           3C       3C        D        1       1
                bssCOMRAM                             1        1       21        1       1
                cinit                              1102     1102       3A        4       0
                idataCOMRAM                        1232     1232        D        4       0

TOTAL           Name                               Link     Load   Length     Space
        CLASS   CODE           
                intcode                               8        8       E6         0
                init                                 EE       EE        4         0
                reset_vec                             0        0        4         0
                text31                              B58      B58       C4         0
                text30                              C1C      C1C       B0         0
                text29                              976      976       F4         0
                text28                             10C6     10C6       3C         0
                text27                             11FE     11FE       14         0
                text26                              DF0      DF0       72         0
                text25                             1212     1212       12         0
                text24                             11BC     11BC       1A         0
                text23                              3FA      3FA      1D6         0
                text22                              A6A      A6A       EE         0
                text21                               F2       F2      308         0
                text20                              F2C      F2C       5E         0
                text19                              FE4      FE4       56         0
                text18                              ECA      ECA       62         0
                text16                              874      874      102         0
                text15                             119C     119C       20         0
                text14                              772      772      102         0
                text13                             1086     1086       40         0
                text12                             103A     103A       4C         0
                text11                              5D0      5D0      1A2         0
                text10                             113C     113C       32         0
                text9                               E62      E62       68         0
                text8                               F8A      F8A       5A         0
                text7                              11EA     11EA       14         0
                text6                               D6A      D6A       86         0
                text5                              1224     1224        E         0
                text4                              116E     116E       2E         0
                text3                              124C     124C        A         0
                text2                              1240     1240        C         0
                text1                              11D6     11D6       14         0
                text0                               CCC      CCC       9E         0
                cinit                              1102     1102       3A         0
                idataCOMRAM                        1232     1232        D         0

        CLASS   CONST          

        CLASS   SMALLCONST     

        CLASS   MEDIUMCONST    

        CLASS   COMRAM         
                temp                                 49       49        1         1
                cstackCOMRAM                         22       22       1A         1
                dataCOMRAM                           3C       3C        D         1
                bssCOMRAM                             1        1       21         1

        CLASS   ABS1           

        CLASS   BIGRAM         

        CLASS   RAM            

        CLASS   BANK0          
                cstackBANK0                          60       60        F         1

        CLASS   BANK1          

        CLASS   BANK2          

        CLASS   SFR            

        CLASS   BIGSFR         

        CLASS   CONFIG         
                config                           300000   300000        E         4

        CLASS   IDLOC          
                idloc                            200000   200000        8         5

        CLASS   EEDATA         

        CLASS   FARRAM         

        CLASS   HEAP           

        CLASS   STACK          



SEGMENTS        Name                           Load    Length   Top    Selector   Space  Class

                reset_vec                      000000  000004  000004         0       0  CODE    
                bssCOMRAM                      000001  000049  00004A         1       1  COMRAM  
                intcode                        000008  001237  00123F         4       0  CODE    
                cstackBANK0                    000060  00000F  00006F        60       1  BANK0   
                text2                          001240  000016  001256       920       0  CODE    


UNUSED ADDRESS RANGES

        Name                Unused          Largest block    Delta
        BANK0            00006F-0000FF               91
        BANK1            000100-0001FF              100
        BANK2            000200-0002FF              100
        BIGRAM           00004A-00005F               16
                         00006F-0002FF              291
        BIGSFR           000F38-000FFF               C8
        CODE             000004-000007                4
                         00123F-00123F                1
                         001256-003FFF             2DAA
        COMRAM           00004A-00005F               16
        CONST            000004-000007                4
                         00123F-00123F                1
                         001256-003FFF             2DAA
        EEDATA           F00000-F000FF              100
        MEDIUMCONST      00123F-00123F                1
                         001256-003FFF             2DAA
        RAM              00006F-0002FF              100
        SFR              000F38-000FFF               28
        SMALLCONST       00123F-00123F                1
                         001256-003FFF              100

                                  Symbol Table

?___awdiv                         cstackCOMRAM 000022
?___awmod                         cstackCOMRAM 000022
DELAY_TIMER_Init@initial_count    cstackBANK0  000064
DELAY_TIMER_SetMainTimer@state    cstackCOMRAM 000029
GPIO_GetPortPinState@pin          cstackCOMRAM 000022
GPIO_GetPortPinState@port         cstackCOMRAM 000027
GPIO_GetPortPinState@ret          cstackCOMRAM 000028
GPIO_InitPort@direction           cstackCOMRAM 00003B
GPIO_InitPort@i                   cstackBANK0  000065
GPIO_InitPort@port                cstackBANK0  000064
GPIO_InitPortPin@direction        cstackCOMRAM 000039
GPIO_InitPortPin@pin              cstackCOMRAM 000038
GPIO_InitPortPin@port             cstackCOMRAM 00003A
GPIO_SetPortPinState@pin          cstackCOMRAM 000038
GPIO_SetPortPinState@port         cstackCOMRAM 00003A
GPIO_SetPortPinState@state        cstackCOMRAM 000039
GPIO_SetPortState@i               cstackBANK0  000069
GPIO_SetPortState@port            cstackBANK0  000068
GPIO_SetPortState@state           cstackCOMRAM 00003B
LED_Init@initial_state            cstackBANK0  000067
LED_Init@led                      cstackBANK0  00006A
LED_SetState@led                  cstackBANK0  000066
LED_SetState@state                cstackCOMRAM 00003B
PB_GetState@pb                    cstackCOMRAM 000022
PB_GetState@ret                   cstackCOMRAM 000023
PB_Init@initial_state             cstackCOMRAM 00003B
PB_Init@pb                        cstackBANK0  000066
PB_Update@current_button          cstackCOMRAM 00002B
SSD_Init@initial_state            cstackBANK0  00006A
SSD_Init@initial_value            cstackBANK0  00006B
SSD_Init@ssd                      cstackBANK0  00006E
SSD_SetState@ssd                  cstackBANK0  000066
SSD_SetState@state                cstackCOMRAM 00003B
SSD_SetValue@ssd                  cstackCOMRAM 000039
SSD_SetValue@value                cstackCOMRAM 000038
SSD_Update@current_ssd            bssCOMRAM    000021
TMR0_Update@counter1              bssCOMRAM    00001F
TMR0_Update@counter2              bssCOMRAM    000019
_ANSELA                           (abs)        000F38
_ANSELB                           (abs)        000F39
_ANSELC                           (abs)        000F3A
_DELAY_TIMER_Count                text26       000DF0
_DELAY_TIMER_Init                 text15       00119C
_DELAY_TIMER_SetMainTimer         text25       001212
_DELAY_TIMER_Update               text23       0003FA
_GIE                              (abs)        007F97
_GPIO_GetPortPinState             text22       000A6A
_GPIO_InitPort                    text10       00113C
_GPIO_InitPortPin                 text16       000874
_GPIO_SetPortPinState             text14       000772
_GPIO_SetPortState                text9        000E62
_INTCON2bits                      (abs)        000FF1
_INTCONbits                       (abs)        000FF2
_LATA                             (abs)        000F89
_LATB                             (abs)        000F8A
_LATC                             (abs)        000F8B
_LED_Init                         text12       00103A
_LED_SetState                     text13       001086
_OSCCON                           (abs)        000FD3
_OSCCON2                          (abs)        000FD2
_OSCILLATOR_Initialize            text5        001224
_OSCTUNE                          (abs)        000F9B
_PB_GetState                      text24       0011BC
_PB_Init                          text11       0005D0
_PB_Update                        text21       0000F2
_PIN_MANAGER_Initialize           text4        00116E
_PORTA                            (abs)        000F80
_PORTB                            (abs)        000F81
_PORTC                            (abs)        000F82
_PSA                              (abs)        007EAB
_SSD_Init                         text6        000D6A
_SSD_SetState                     text8        000F8A
_SSD_SetValue                     text7        0011EA
_SSD_Update                       text18       000ECA
_SYSTEM_Initialize                text3        00124C
_T0CS                             (abs)        007EAD
_T0PS0                            (abs)        007EA8
_T0PS1                            (abs)        007EA9
_T0PS2                            (abs)        007EAA
_TMR0                             (abs)        000FD6
_TMR0IE                           (abs)        007F95
_TMR0IF                           (abs)        007F92
_TMR0_Init                        text2        001240
_TMR0_Start                       text1        0011D6
_TMR0_Update                      intcode      000008
_TRISA                            (abs)        000F92
_TRISB                            (abs)        000F93
_TRISC                            (abs)        000F94
_WPUB                             (abs)        000F61
__HRAM                            (abs)        000000
__Habs1                           abs1         000000
__Hbank0                          bank0        000000
__Hbank1                          bank1        000000
__Hbank2                          bank2        000000
__Hbigbss                         bigbss       000000
__Hbigdata                        bigdata      000000
__Hbigram                         bigram       000000
__Hbigsfr                         bigsfr       000000
__Hbss                            bss          000000
__HbssCOMRAM                      bssCOMRAM    000000
__Hcinit                          cinit        000000
__Hclrtext                        clrtext      000000
__Hcomram                         comram       000000
__Hconfig                         config       30000E
__Hconst                          const        000000
__HcstackBANK0                    cstackBANK0  000000
__HcstackCOMRAM                   cstackCOMRAM 000000
__Hdata                           data         000000
__HdataCOMRAM                     dataCOMRAM   000000
__Heeprom_data                    eeprom_data  000000
__Hfarbss                         farbss       000000
__Hfardata                        fardata      000000
__Hheap                           heap         000000
__Hibigdata                       ibigdata     000000
__Hidata                          idata        000000
__HidataCOMRAM                    idataCOMRAM  000000
__Hidloc                          idloc        200008
__Hifardata                       ifardata     000000
__Hinit                           init         0000F2
__Hintcode                        intcode      0000EE
__Hintcode_body                   intcode_body 000000
__Hintcodelo                      intcodelo    0000EE
__Hintentry                       intentry     000000
__Hintret                         intret       000000
__Hintsave_regs                   intsave_regs 000000
__Hirdata                         irdata       000000
__Hmediumconst                    mediumconst  000000
__HnvFARRAM                       nvFARRAM     000000
__Hnvbit                          nvbit        000000
__Hnvrram                         nvrram       000000
__Hparam                          rparam       000000
__Hpowerup                        powerup      0000EE
__Hram                            ram          000000
__Hramtop                         ramtop       000300
__Hrbit                           rbit         000000
__Hrbss                           rbss         000000
__Hrdata                          rdata        000000
__Hreset_vec                      reset_vec    000004
__Hrparam                         rparam       000000
__Hsfr                            sfr          000000
__Hsmallconst                     smallconst   000000
__Hspace_0                        (abs)        001256
__Hspace_1                        (abs)        00006F
__Hspace_2                        (abs)        000000
__Hspace_4                        (abs)        60000E
__Hstack                          stack        000000
__Hstruct                         struct       000000
__Htemp                           temp         00004A
__Htext                           text         000000
__Htext0                          text0        000000
__Htext1                          text1        000000
__Htext10                         text10       000000
__Htext11                         text11       000000
__Htext12                         text12       000000
__Htext13                         text13       000000
__Htext14                         text14       000000
__Htext15                         text15       000000
__Htext16                         text16       000000
__Htext18                         text18       000000
__Htext19                         text19       000000
__Htext2                          text2        000000
__Htext20                         text20       000000
__Htext21                         text21       000000
__Htext22                         text22       000000
__Htext23                         text23       000000
__Htext24                         text24       000000
__Htext25                         text25       000000
__Htext26                         text26       000000
__Htext27                         text27       000000
__Htext28                         text28       000000
__Htext29                         text29       000000
__Htext3                          text3        000000
__Htext30                         text30       000000
__Htext31                         text31       000000
__Htext4                          text4        000000
__Htext5                          text5        000000
__Htext6                          text6        000000
__Htext7                          text7        000000
__Htext8                          text8        000000
__Htext9                          text9        000000
__LRAM                            (abs)        000001
__Labs1                           abs1         000000
__Lbank0                          bank0        000000
__Lbank1                          bank1        000000
__Lbank2                          bank2        000000
__Lbigbss                         bigbss       000000
__Lbigdata                        bigdata      000000
__Lbigram                         bigram       000000
__Lbigsfr                         bigsfr       000000
__Lbss                            bss          000000
__LbssCOMRAM                      bssCOMRAM    000000
__Lcinit                          cinit        000000
__Lclrtext                        clrtext      000000
__Lcomram                         comram       000000
__Lconfig                         config       000000
__Lconst                          const        000000
__LcstackBANK0                    cstackBANK0  000000
__LcstackCOMRAM                   cstackCOMRAM 000000
__Ldata                           data         000000
__LdataCOMRAM                     dataCOMRAM   000000
__Leeprom_data                    eeprom_data  000000
__Lfarbss                         farbss       000000
__Lfardata                        fardata      000000
__Lheap                           heap         000000
__Libigdata                       ibigdata     000000
__Lidata                          idata        000000
__LidataCOMRAM                    idataCOMRAM  000000
__Lidloc                          idloc        000000
__Lifardata                       ifardata     000000
__Linit                           init         0000EE
__Lintcode                        intcode      000008
__Lintcode_body                   intcode_body 000000
__Lintcodelo                      intcodelo    0000EE
__Lintentry                       intentry     000000
__Lintret                         intret       000000
__Lintsave_regs                   intsave_regs 000000
__Lirdata                         irdata       000000
__Lmediumconst                    mediumconst  000000
__LnvFARRAM                       nvFARRAM     000000
__Lnvbit                          nvbit        000000
__Lnvrram                         nvrram       000000
__Lparam                          rparam       000000
__Lpowerup                        powerup      0000EE
__Lram                            ram          000000
__Lramtop                         ramtop       000300
__Lrbit                           rbit         000000
__Lrbss                           rbss         000000
__Lrdata                          rdata        000000
__Lreset_vec                      reset_vec    000000
__Lrparam                         rparam       000000
__Lsfr                            sfr          000000
__Lsmallconst                     smallconst   000000
__Lspace_0                        (abs)        000000
__Lspace_1                        (abs)        000000
__Lspace_2                        (abs)        000000
__Lspace_4                        (abs)        000000
__Lstack                          stack        000000
__Lstruct                         struct       000000
__Ltemp                           temp         000049
__Ltext                           text         000000
__Ltext0                          text0        000000
__Ltext1                          text1        000000
__Ltext10                         text10       000000
__Ltext11                         text11       000000
__Ltext12                         text12       000000
__Ltext13                         text13       000000
__Ltext14                         text14       000000
__Ltext15                         text15       000000
__Ltext16                         text16       000000
__Ltext18                         text18       000000
__Ltext19                         text19       000000
__Ltext2                          text2        000000
__Ltext20                         text20       000000
__Ltext21                         text21       000000
__Ltext22                         text22       000000
__Ltext23                         text23       000000
__Ltext24                         text24       000000
__Ltext25                         text25       000000
__Ltext26                         text26       000000
__Ltext27                         text27       000000
__Ltext28                         text28       000000
__Ltext29                         text29       000000
__Ltext3                          text3        000000
__Ltext30                         text30       000000
__Ltext31                         text31       000000
__Ltext4                          text4        000000
__Ltext5                          text5        000000
__Ltext6                          text6        000000
__Ltext7                          text7        000000
__Ltext8                          text8        000000
__Ltext9                          text9        000000
__S0                              (abs)        001256
__S1                              (abs)        00006F
__S4                              (abs)        000000
__S5                              (abs)        000000
___awdiv                          text31       000B58
___awdiv@counter                  cstackCOMRAM 000026
___awdiv@dividend                 cstackCOMRAM 000022
___awdiv@divisor                  cstackCOMRAM 000024
___awdiv@quotient                 cstackCOMRAM 000028
___awdiv@sign                     cstackCOMRAM 000027
___awmod                          text30       000C1C
___awmod@counter                  cstackCOMRAM 000026
___awmod@dividend                 cstackCOMRAM 000022
___awmod@divisor                  cstackCOMRAM 000024
___awmod@sign                     cstackCOMRAM 000027
___heap_hi                        (abs)        000000
___heap_lo                        (abs)        000000
___inthi_sp                       stack        000000
___intlo_sp                       stack        000000
___param_bank                     (abs)        000000
___rparam_used                    (abs)        000001
___sp                             stack        000000
__accesstop                       (abs)        000060
__activetblptr                    (abs)        000002
__end_of_DELAY_TIMER_Count        text26       000E62
__end_of_DELAY_TIMER_Init         text15       0011BC
__end_of_DELAY_TIMER_SetMainTimer text25       001224
__end_of_DELAY_TIMER_Update       text23       0005D0
__end_of_GPIO_GetPortPinState     text22       000B58
__end_of_GPIO_InitPort            text10       00116E
__end_of_GPIO_InitPortPin         text16       000976
__end_of_GPIO_SetPortPinState     text14       000874
__end_of_GPIO_SetPortState        text9        000ECA
__end_of_LED_Init                 text12       001086
__end_of_LED_SetState             text13       0010C6
__end_of_OSCILLATOR_Initialize    text5        001232
__end_of_PB_GetState              text24       0011D6
__end_of_PB_Init                  text11       000772
__end_of_PB_Update                text21       0003FA
__end_of_PIN_MANAGER_Initialize   text4        00119C
__end_of_SSD_Init                 text6        000DF0
__end_of_SSD_SetState             text8        000FE4
__end_of_SSD_SetValue             text7        0011FE
__end_of_SSD_Update               text18       000F2C
__end_of_SYSTEM_Initialize        text3        001256
__end_of_TMR0_Init                text2        00124C
__end_of_TMR0_Start               text1        0011EA
__end_of_TMR0_Update              intcode      0000EE
__end_of___awdiv                  text31       000C1C
__end_of___awmod                  text30       000CCC
__end_of__initialization          cinit        00112E
__end_of_main                     text0        000D6A
__end_ofi2_GPIO_SetPortPinState   text29       000A6A
__end_ofi2_GPIO_SetPortState      text20       000F8A
__end_ofi2_LED_SetState           text28       001102
__end_ofi2_SSD_SetState           text19       00103A
__end_ofi2_SSD_SetValue           text27       001212
__initialization                  cinit        001102
__mediumconst                     mediumconst  000000
__pbssCOMRAM                      bssCOMRAM    000001
__pcinit                          cinit        001102
__pcstackBANK0                    cstackBANK0  000060
__pcstackCOMRAM                   cstackCOMRAM 000022
__pdataCOMRAM                     dataCOMRAM   00003C
__pidataCOMRAM                    idataCOMRAM  001232
__pintcode                        intcode      000008
__ptext0                          text0        000CCC
__ptext1                          text1        0011D6
__ptext10                         text10       00113C
__ptext11                         text11       0005D0
__ptext12                         text12       00103A
__ptext13                         text13       001086
__ptext14                         text14       000772
__ptext15                         text15       00119C
__ptext16                         text16       000874
__ptext18                         text18       000ECA
__ptext19                         text19       000FE4
__ptext2                          text2        001240
__ptext20                         text20       000F2C
__ptext21                         text21       0000F2
__ptext22                         text22       000A6A
__ptext23                         text23       0003FA
__ptext24                         text24       0011BC
__ptext25                         text25       001212
__ptext26                         text26       000DF0
__ptext27                         text27       0011FE
__ptext28                         text28       0010C6
__ptext29                         text29       000976
__ptext3                          text3        00124C
__ptext30                         text30       000C1C
__ptext31                         text31       000B58
__ptext4                          text4        00116E
__ptext5                          text5        001224
__ptext6                          text6        000D6A
__ptext7                          text7        0011EA
__ptext8                          text8        000F8A
__ptext9                          text9        000E62
__ramtop                          ramtop       000300
__smallconst                      smallconst   000000
_count_flag                       bssCOMRAM    000020
_counter                          bssCOMRAM    00001E
_counter_index                    bssCOMRAM    00001D
_focus                            bssCOMRAM    00001B
_main                             text0        000CCC
_pause                            bssCOMRAM    00001C
_pb_info                          bssCOMRAM    000001
_ssd_data                         dataCOMRAM   00003C
_ssd_values                       dataCOMRAM   000047
btemp                             temp         000049
end_of_initialization             cinit        00112E
i2GPIO_SetPortPinState@pin        cstackCOMRAM 000022
i2GPIO_SetPortPinState@port       cstackCOMRAM 000028
i2GPIO_SetPortPinState@state      cstackCOMRAM 000023
i2GPIO_SetPortState@i             cstackCOMRAM 00002F
i2GPIO_SetPortState@port          cstackCOMRAM 00002E
i2GPIO_SetPortState@state         cstackCOMRAM 000029
i2LED_SetState@led                cstackCOMRAM 00002C
i2LED_SetState@state              cstackCOMRAM 000029
i2SSD_SetState@ssd                cstackCOMRAM 00002C
i2SSD_SetState@state              cstackCOMRAM 000029
i2SSD_SetValue@ssd                cstackCOMRAM 00002B
i2SSD_SetValue@value              cstackCOMRAM 00002A
i2_GPIO_SetPortPinState           text29       000976
i2_GPIO_SetPortState              text20       000F2C
i2_LED_SetState                   text28       0010C6
i2_SSD_SetState                   text19       000FE4
i2_SSD_SetValue                   text27       0011FE
int$flags                         temp         000049
intlevel0                         text         000000
intlevel1                         text         000000
intlevel2                         text         000000
intlevel3                         text         000000
isa$std                           (abs)        000001
isa$xinst                         (abs)        000000
stackhi                           (abs)        000000
stacklo                           (abs)        000000
start                             init         0000EE
start_initialization              cinit        001102
ttemp5                            temp         00004A
ttemp6                            temp         00004D
ttemp7                            temp         000051
wtemp8                            temp         00004A


MODULE INFORMATION

Module		Function		Class		Link	Load	Size
ssd.c
		_SSD_Init      		CODE           	0D6A	0000	134
		_SSD_SetState  		CODE           	0F8A	0000	90
		_SSD_SetValue  		CODE           	11EA	0000	20
		_SSD_Update    		CODE           	0ECA	0000	98

ssd.c estimated size: 342

push_button.c
		_PB_Update     		CODE           	00F2	0000	776
		_PB_Init       		CODE           	05D0	0000	418
		_PB_GetState   		CODE           	11BC	0000	26

push_button.c estimated size: 1220

C:\Program Files\Microchip\xc8\v2.36\pic\sources\c99\common\awmod.c
		___awmod       		CODE           	0C1C	0000	176

C:\Program Files\Microchip\xc8\v2.36\pic\sources\c99\common\awmod.c estimated size: 176

mcc_generated_files/pin_manager.c
		_PIN_MANAGER_Initialize		CODE           	116E	0000	46

mcc_generated_files/pin_manager.c estimated size: 46

delay_timer.c
		_DELAY_TIMER_Init		CODE           	119C	0000	32
		_DELAY_TIMER_SetMainTimer		CODE           	1212	0000	18
		_DELAY_TIMER_Count		CODE           	0DF0	0000	114
		_DELAY_TIMER_Update		CODE           	03FA	0000	470

delay_timer.c estimated size: 634

C:\Program Files\Microchip\xc8\v2.36\pic\sources\c99\common\awdiv.c
		___awdiv       		CODE           	0B58	0000	196

C:\Program Files\Microchip\xc8\v2.36\pic\sources\c99\common\awdiv.c estimated size: 196

tmr0.c
		_TMR0_Init     		CODE           	1240	0000	12
		_TMR0_Update   		CODE           	0008	0000	230
		_TMR0_Start    		CODE           	11D6	0000	20

tmr0.c estimated size: 262

shared
		i2_SSD_SetState		CODE           	0FE4	0000	86
		i2_SSD_SetValue		CODE           	11FE	0000	20
		__initialization		CODE           	1102	0000	44
		i2_LED_SetState		CODE           	10C6	0000	60
		i2_GPIO_SetPortState		CODE           	0F2C	0000	94
		i2_GPIO_SetPortPinState		CODE           	0976	0000	244

shared estimated size: 548

mcc_generated_files/mcc.c
		_OSCILLATOR_Initialize		CODE           	1224	0000	14
		_SYSTEM_Initialize		CODE           	124C	0000	10

mcc_generated_files/mcc.c estimated size: 24

gpio.c
		_GPIO_SetPortState		CODE           	0E62	0000	104
		_GPIO_InitPortPin		CODE           	0874	0000	258
		_GPIO_GetPortPinState		CODE           	0A6A	0000	238
		_GPIO_InitPort 		CODE           	113C	0000	50
		_GPIO_SetPortPinState		CODE           	0772	0000	258

gpio.c estimated size: 908

main.c
		_main          		CODE           	0CCC	0000	158

main.c estimated size: 158

led.c
		_LED_Init      		CODE           	103A	0000	76
		_LED_SetState  		CODE           	1086	0000	64

led.c estimated size: 140

